I knew it!
foo: bar, baz
1-8-27-64-125
